≡ƒº¬ Starting Station Sequence Verification...

Step 1: Scanning at ST-10...
  OK: ST-10 should be ALLOWED
Step 2: Attempting skip to ST-30 (should BLOCK)...
node : [TRACEABILITY] 
Sequence Violation: {
At line:1 char:1
+ node 
test/verifySequence.js > 
test_output.txt 2>&1
+ ~~~~~~~~~~~~~~~~~~~~~~~~~~~
~~~~~~~~~~~~~~~~~~~~~~~
    + CategoryInfo           
   : NotSpecified: ([TRACEA  
  BILITY] Sequence Violati   
 on: {:String) [], Remote    
Exception
    + FullyQualifiedErrorId  
   : NativeCommandError
 
  level: 'ERROR',
  code: 'SEQ_VIOLATION',
  partId: 'TEST-PART-001',
  expectedStation: 'ST-20',
  actualStation: 'ST-30',
  lastCompletedStation: 
'ST-10',
  timestamp: 
'2026-03-20T13:51:57.317Z'
}
  OK: ST-30 skip should be BLOCKED
Step 3: Scanning at ST-20...
  OK: ST-20 should be ALLOWED
Step 4: Attempting Interlock Recovery Scan at ST-20...
  OK: ST-20 Recovery scan should be ALLOWED
  OK: OperationLog should be marked as RETRY

Γ£à ALL SEQUENCE TESTS PASSED
